     Assembly listing for: ASSIGNMENT.mas
                Assembled: Thu Jun 13 16:18:42 EDT 2019

         |                                      /MAKING A PROGRAM CALCULATE THE RESULT OF MULTIPLYING
         |                                      
         |                                      ////////////////////////PROMPT FOR INPUTS/////////////////////////////
000 1025 |               LOAD prompt             
001 6000 |               OUTPUT                 /prompt >
         |                                      
002 5000 |               INPUT                  /receive first input
003 202A |               STORE X                 
004 6000 |               OUTPUT                  
         |                                      
005 1026 |               LOAD star              /prompt *
006 6000 |               OUTPUT                  
         |                                      
007 5000 |               INPUT                  /receive second input
008 202B |               STORE Y                 
009 6000 |               OUTPUT                  
         |                                      
00A 1027 |               LOAD equal             /prompt =
00B 6000 |               OUTPUT                  
         |                                      
         |                                      //////////////////// MULTIPLYING ////////////////////////////////////
         |                                         
         |                                      /<---------------------------checking zeros ---------------------------------->        
00C 102A |  CheckZeroX   LOAD X                 /check the case if input for X a zero
00D 8400 |               SKIPCOND 400            
00E 9010 |               JUMP CheckZeroY        /X is not a zero, continue testing for Y
00F 9014 |               JUMP FoundZero          
         |                                      
010 102B |  CheckZeroY   LOAD Y                 /check the case if input for Y a zero
011 8400 |               SKIPCOND 400            
012 9017 |               JUMP loopMultiply      /X and Y are NOT zero, perform multiplying
013 9014 |               JUMP FoundZero          
         |                                      
014 102C |  FoundZero    LOAD result            / Found 1 zero in one of 2 inputs
015 2029 |               STORE zero              
016 9022 |               JUMP DONE               
         |                                      /<--------------------------- zeros handled ---------------------------------->  
         |                                      
         |                                      /------------------------LOOP FOR MULTIPLYING---------------------------------
017 102C |  loopMultiply LOAD result             
018 302A |               ADD X                   
019 202C |               STORE result            
01A 901B |               JUMP checkCounter       
         |                                      
01B 102B |  checkCounter LOAD Y                  
01C 4028 |               SUBT one                
01D 202B |               STORE Y                 
01E 8400 |               SKIPCOND 400            
01F 9017 |               JUMP loopMultiply       
020 A000 |               CLEAR                   
021 9022 |               JUMP DONE               
         |                                      
         |                                      /------------------------end of LOOP FOR MULTIPLYING---------------------------------
         |                                      
022 102C |  DONE         LOAD result             
023 6000 |               OUTPUT                  
         |                                      
         |                                      //////////////////// MULTIPLYING ////////////////////////////////////
         |                                       
         |                                      
024 7000 |               HALT                   /STOPPING
         |                                      
         |                                                   /       DECLARE VARIABLES      /
         |                                      
025 003E |  prompt       DEC 62                  
026 002A |  star         DEC 42                  
027 003D |  equal        DEC 61                  
028 0001 |  one          DEC 1                   
029 0000 |  zero         DEC 0                   
02A 0000 |  X            DEC 0                   
02B 0000 |  Y            DEC 0                   
02C 0000 |  result       DEC 0                   

Assembly successful.

         SYMBOL TABLE
         --------------------------------------------------------
          Symbol       | Defined | References 
         --------------+---------+-------------------------------
          CheckZeroX   |   00C   | 
          CheckZeroY   |   010   | 00E
          DONE         |   022   | 016, 021
          FoundZero    |   014   | 00F, 013
          X            |   02A   | 003, 00C, 018
          Y            |   02B   | 008, 010, 01B, 01D
          checkCounter |   01B   | 01A
          equal        |   027   | 00A
          loopMultiply |   017   | 012, 01F
          one          |   028   | 01C
          prompt       |   025   | 000
          result       |   02C   | 014, 017, 019, 022
          star         |   026   | 005
          zero         |   029   | 015
         --------------------------------------------------------

